
=======================
Benchmarking with torch.float32
Shapes: H=[32, 512, 768], W=[36000, 768], Clusters=8000
=======================
[Forward] Max diff: 0.000107, Mean diff: 0.000000, All close: True
[Backward H] Max diff: 0.000122, Mean diff: 0.000011, All close: True
[Backward W] Max diff: 0.000000, Mean diff: 0.000000, All close: True
Running PyTorch benchmark...
Running Triton benchmark...

Forward + Backward Performance:
PyTorch: 21.02 ms | 2726.37 MB
Triton : 21.10 ms | 3226.37 MB
Speedup: 1.00x

[Update Mask] Precision matches: 99.93%
Update Mask Performance:
PyTorch: 16.77 ms | 3254.10 MB
Triton : 8.30 ms | 1655.74 MB
Speedup: 2.02x

=======================
Fused Pooling Benchmarking
=======================
[Fused Forward (Reused Triton)] Max diff: 0.004883, Mean diff: 0.000617, All close: True
[Fused Backward H (Reused Triton)] Max diff: 0.004150, Mean diff: 0.000182, All close: True
[Fused Backward W (Reused Triton)] Max diff: 0.000000, Mean diff: 0.000000, All close: True
Running Fused PyTorch (Materializes Intermediate)...
Running Fused Triton (FeatureCountFunction NO Intermediate)...

Fused Forward + Backward Performance:
PyTorch         : 23.12 ms | 2990.04 MB
Triton (Reused) : 34.83 ms | 2094.67 MB
Speedup vs PT   : 0.66x


=======================
Benchmarking with torch.bfloat16
Shapes: H=[32, 512, 768], W=[36000, 768], Clusters=8000
=======================
[Forward] Max diff: 2.000000, Mean diff: 0.031494, All close: False
[Backward H] Max diff: 4.000000, Mean diff: 0.171875, All close: False
[Backward W] Max diff: 0.000000, Mean diff: 0.000000, All close: True
Running PyTorch benchmark...
Running Triton benchmark...

Forward + Backward Performance:
PyTorch: 5.60 ms | 2012.22 MB
Triton : 5.67 ms | 2261.25 MB
Speedup: 0.99x

[Update Mask] Precision matches: 98.28%
Update Mask Performance:
PyTorch: 3.80 ms | 2251.96 MB
Triton : 3.87 ms | 1452.92 MB
Speedup: 0.98x

=======================
Fused Pooling Benchmarking
=======================
[Fused Forward (Reused Triton)] Max diff: 128.000000, Mean diff: 1.335938, All close: False
[Fused Backward H (Reused Triton)] Max diff: 25.000000, Mean diff: 1.062500, All close: False
[Fused Backward W (Reused Triton)] Max diff: 24.000000, Mean diff: 0.542969, All close: False
Running Fused PyTorch (Materializes Intermediate)...
Running Fused Triton (FeatureCountFunction NO Intermediate)...

Fused Forward + Backward Performance:
PyTorch         : 6.75 ms | 1503.15 MB
Triton (Reused) : 6.49 ms | 1056.17 MB
Speedup vs PT   : 1.04x

