
=======================
Benchmarking with torch.float32
Shapes: H=[32, 512, 768], W=[150000, 768], Clusters=8000
=======================
[Forward] Max diff: 0.000183, Mean diff: 0.000002, All close: True
[Backward H] Max diff: 0.000244, Mean diff: 0.000028, All close: True
[Backward W] Max diff: 0.000000, Mean diff: 0.000000, All close: True
Running PyTorch benchmark...
Running Triton benchmark...

Forward + Backward Performance:
PyTorch: 25.08 ms | 4063.19 MB
Triton : 25.13 ms | 4563.19 MB
Speedup: 1.00x

[Update Mask] Precision matches: 99.92%
Update Mask Performance:
PyTorch: 73.49 ms | 8076.38 MB
Triton : 31.40 ms | 2997.23 MB
Speedup: 2.34x

=======================
Fused Pooling Benchmarking
=======================
[Fused Forward (Reused Triton)] Max diff: 0.007812, Mean diff: 0.001305, All close: True
[Fused Backward H (Reused Triton)] Max diff: 0.009521, Mean diff: 0.000380, All close: True
[Fused Backward W (Reused Triton)] Max diff: 0.000000, Mean diff: 0.000000, All close: True
Running Fused PyTorch (Materializes Intermediate)...
Running Fused Triton (FeatureCountFunction NO Intermediate)...

Fused Forward + Backward Performance:
PyTorch         : 27.37 ms | 4997.75 MB
Triton (Reused) : 38.74 ms | 4435.50 MB
Speedup vs PT   : 0.71x


=======================
Benchmarking with torch.bfloat16
Shapes: H=[32, 512, 768], W=[150000, 768], Clusters=8000
=======================
[Forward] Max diff: 4.000000, Mean diff: 0.226562, All close: False
[Backward H] Max diff: 8.000000, Mean diff: 0.750000, All close: False
[Backward W] Max diff: 0.000000, Mean diff: 0.000000, All close: True
Running PyTorch benchmark...
Running Triton benchmark...

Forward + Backward Performance:
PyTorch: 8.31 ms | 4019.90 MB
Triton : 8.34 ms | 4268.92 MB
Speedup: 1.00x

[Update Mask] Precision matches: 98.28%
Update Mask Performance:
PyTorch: 15.81 ms | 6003.16 MB
Triton : 15.59 ms | 3463.20 MB
Speedup: 1.01x

=======================
Fused Pooling Benchmarking
=======================
[Fused Forward (Reused Triton)] Max diff: 256.000000, Mean diff: 3.921875, All close: False
[Fused Backward H (Reused Triton)] Max diff: 67.000000, Mean diff: 6.687500, All close: False
[Fused Backward W (Reused Triton)] Max diff: 22.000000, Mean diff: 2.156250, All close: False
Running Fused PyTorch (Materializes Intermediate)...
Running Fused Triton (FeatureCountFunction NO Intermediate)...

Fused Forward + Backward Performance:
PyTorch         : 9.39 ms | 2510.23 MB
Triton (Reused) : 9.10 ms | 2227.99 MB
Speedup vs PT   : 1.03x

